15:18:25 **** Incremental Build of configuration Debug for project aula12 ****
make -j12 all 
arm-none-eabi-gcc "../Core/Src/main.c" -mcpu=cortex-m4 -std=gnu11 -g3 -DDEBUG -DUSE_HAL_DRIVER -DSTM32G431xx -c -I../Core/Inc -I../Drivers/STM32G4xx_HAL_Driver/Inc -I../Drivers/STM32G4xx_HAL_Driver/Inc/Legacy -I../Drivers/CMSIS/Device/ST/STM32G4xx/Include -I../Drivers/CMSIS/Include -I../Middlewares/Third_Party/FreeRTOS/Source/include -I../Middlewares/Third_Party/FreeRTOS/Source/CMSIS_RTOS -I../Middlewares/Third_Party/FreeRTOS/Source/portable/GCC/ARM_CM4F -O0 -ffunction-sections -fdata-sections -Wall -fstack-usage -fcyclomatic-complexity -MMD -MP -MF"Core/Src/main.d" -MT"Core/Src/main.o" --specs=nano.specs -mfpu=fpv4-sp-d16 -mfloat-abi=hard -mthumb -o "Core/Src/main.o"
../Core/Src/main.c: In function 'main':
../Core/Src/main.c:140:16: warning: unused variable 'led_1000' [-Wunused-variable]
  140 |   static led_t led_1000 = {1000, LED_Pin, LED_GPIO_Port};
      |                ^~~~~~~~
arm-none-eabi-gcc -o "aula12.elf" @"objects.list"   -mcpu=cortex-m4 -T"/home/nailsonchagas/Downloads/Sistemas-Embarcados/aula12_pratica/aula12/STM32G431RBTX_FLASH.ld" --specs=nosys.specs -Wl,-Map="aula12.map" -Wl,--gc-sections -static --specs=nano.specs -mfpu=fpv4-sp-d16 -mfloat-abi=hard -mthumb -Wl,--start-group -lc -lm -Wl,--end-group
Finished building target: aula12.elf
 
arm-none-eabi-size  aula12.elf 
arm-none-eabi-objdump -h -S aula12.elf  > "aula12.list"
   text	   data	    bss	    dec	    hex	filename
  18652	    108	  22932	  41692	   a2dc	aula12.elf
Finished building: default.size.stdout
 
Finished building: aula12.list
 

15:18:26 Build Finished. 0 errors, 1 warnings. (took 400ms)

